src/app/(service-center)/sc/job-cards/page.tsx(2,45): error TS2307: Cannot find module '@/shared/lib/localStorage' or its corresponding type declarations.
src/app/(service-center)/sc/job-cards/page.tsx(29,25): error TS2307: Cannot find module '@/shared/hooks' or its corresponding type declarations.
src/app/(service-center)/sc/job-cards/page.tsx(30,86): error TS2307: Cannot find module '@/shared/types' or its corresponding type declarations.
src/app/(service-center)/sc/job-cards/page.tsx(36,8): error TS2307: Cannot find module '@/__mocks__/data/job-cards.mock' or its corresponding type declarations.
src/app/(service-center)/sc/job-cards/page.tsx(37,44): error TS2307: Cannot find module '@/features/inventory/services/jobCardPartsRequest.service' or its corresponding type declarations.
src/app/(service-center)/sc/job-cards/page.tsx(38,36): error TS2307: Cannot find module '@/features/inventory/services/partsMaster.service' or its corresponding type declarations.
src/app/(service-center)/sc/job-cards/page.tsx(39,62): error TS2307: Cannot find module '@/shared/utils/jobCardData.util' or its corresponding type declarations.
src/app/(service-center)/sc/job-cards/page.tsx(40,39): error TS2307: Cannot find module '@/shared/types/job-card.types' or its corresponding type declarations.
src/app/(service-center)/sc/job-cards/page.tsx(41,38): error TS2307: Cannot find module '@/shared/constants/service-types' or its corresponding type declarations.
src/app/(service-center)/sc/job-cards/page.tsx(46,8): error TS2307: Cannot find module '@/shared/lib/serviceCenter' or its corresponding type declarations.
src/app/(service-center)/sc/job-cards/page.tsx(47,67): error TS2307: Cannot find module '@/shared/utils/invoice.utils' or its corresponding type declarations.
src/app/(service-center)/sc/job-cards/page.tsx(48,43): error TS2307: Cannot find module '@/shared/types/invoice.types' or its corresponding type declarations.
src/app/(service-center)/sc/job-cards/page.tsx(50,30): error TS6142: Module '../components/job-cards/JobCardFormModal' was resolved to 'D:/DMS/dms-frontend/src/app/(service-center)/sc/components/job-cards/JobCardFormModal.tsx', but '--jsx' is not set.
src/app/(service-center)/sc/job-cards/page.tsx(51,25): error TS6142: Module './components/JobCardList' was resolved to 'D:/DMS/dms-frontend/src/app/(service-center)/sc/job-cards/components/JobCardList.tsx', but '--jsx' is not set.
src/app/(service-center)/sc/job-cards/page.tsx(52,27): error TS6142: Module './components/JobCardKanban' was resolved to 'D:/DMS/dms-frontend/src/app/(service-center)/sc/job-cards/components/JobCardKanban.tsx', but '--jsx' is not set.
src/app/(service-center)/sc/job-cards/page.tsx(53,31): error TS6142: Module './components/PartsRequestModal' was resolved to 'D:/DMS/dms-frontend/src/app/(service-center)/sc/job-cards/components/PartsRequestModal.tsx', but '--jsx' is not set.
src/app/(service-center)/sc/job-cards/page.tsx(54,45): error TS2307: Cannot find module '@/shared/types' or its corresponding type declarations.
src/app/(service-center)/sc/job-cards/page.tsx(858,7): error TS17004: Cannot use JSX unless the '--jsx' flag is provided.
src/app/(service-center)/sc/job-cards/page.tsx(859,9): error TS17004: Cannot use JSX unless the '--jsx' flag is provided.
src/app/(service-center)/sc/job-cards/page.tsx(860,11): error TS17004: Cannot use JSX unless the '--jsx' flag is provided.
src/app/(service-center)/sc/job-cards/page.tsx(861,13): error TS17004: Cannot use JSX unless the '--jsx' flag is provided.
src/app/(service-center)/sc/job-cards/page.tsx(862,15): error TS17004: Cannot use JSX unless the '--jsx' flag is provided.
src/app/(service-center)/sc/job-cards/page.tsx(893,7): error TS2304: Cannot find name 'setPartRequestInput'.
src/app/(service-center)/sc/job-cards/page.tsx(902,7): error TS17004: Cannot use JSX unless the '--jsx' flag is provided.
src/app/(service-center)/sc/job-cards/page.tsx(903,9): error TS17004: Cannot use JSX unless the '--jsx' flag is provided.
src/app/(service-center)/sc/job-cards/page.tsx(905,11): error TS17004: Cannot use JSX unless the '--jsx' flag is provided.
src/app/(service-center)/sc/job-cards/page.tsx(906,13): error TS17004: Cannot use JSX unless the '--jsx' flag is provided.
src/app/(service-center)/sc/job-cards/page.tsx(907,13): error TS17004: Cannot use JSX unless the '--jsx' flag is provided.
src/app/(service-center)/sc/job-cards/page.tsx(911,11): error TS17004: Cannot use JSX unless the '--jsx' flag is provided.
src/app/(service-center)/sc/job-cards/page.tsx(912,13): error TS17004: Cannot use JSX unless the '--jsx' flag is provided.
src/app/(service-center)/sc/job-cards/page.tsx(913,15): error TS17004: Cannot use JSX unless the '--jsx' flag is provided.
src/app/(service-center)/sc/job-cards/page.tsx(922,15): error TS17004: Cannot use JSX unless the '--jsx' flag is provided.
src/app/(service-center)/sc/job-cards/page.tsx(935,11): error TS17004: Cannot use JSX unless the '--jsx' flag is provided.
src/app/(service-center)/sc/job-cards/page.tsx(936,13): error TS17004: Cannot use JSX unless the '--jsx' flag is provided.
src/app/(service-center)/sc/job-cards/page.tsx(937,15): error TS17004: Cannot use JSX unless the '--jsx' flag is provided.
src/app/(service-center)/sc/job-cards/page.tsx(946,15): error TS17004: Cannot use JSX unless the '--jsx' flag is provided.
src/app/(service-center)/sc/job-cards/page.tsx(955,15): error TS17004: Cannot use JSX unless the '--jsx' flag is provided.
src/app/(service-center)/sc/job-cards/page.tsx(968,15): error TS17004: Cannot use JSX unless the '--jsx' flag is provided.
src/app/(service-center)/sc/job-cards/page.tsx(980,15): error TS17004: Cannot use JSX unless the '--jsx' flag is provided.
src/app/(service-center)/sc/job-cards/page.tsx(991,11): error TS17004: Cannot use JSX unless the '--jsx' flag is provided.
src/app/(service-center)/sc/job-cards/page.tsx(1015,7): error TS17004: Cannot use JSX unless the '--jsx' flag is provided.
src/app/(service-center)/sc/job-cards/page.tsx(1016,9): error TS17004: Cannot use JSX unless the '--jsx' flag is provided.
src/app/(service-center)/sc/job-cards/page.tsx(1017,11): error TS17004: Cannot use JSX unless the '--jsx' flag is provided.
src/app/(service-center)/sc/job-cards/page.tsx(1018,13): error TS17004: Cannot use JSX unless the '--jsx' flag is provided.
src/app/(service-center)/sc/job-cards/page.tsx(1019,15): error TS17004: Cannot use JSX unless the '--jsx' flag is provided.
src/app/(service-center)/sc/job-cards/page.tsx(1028,5): error TS17004: Cannot use JSX unless the '--jsx' flag is provided.
src/app/(service-center)/sc/job-cards/page.tsx(1029,7): error TS17004: Cannot use JSX unless the '--jsx' flag is provided.
src/app/(service-center)/sc/job-cards/page.tsx(1031,9): error TS17004: Cannot use JSX unless the '--jsx' flag is provided.
src/app/(service-center)/sc/job-cards/page.tsx(1032,11): error TS17004: Cannot use JSX unless the '--jsx' flag is provided.
src/app/(service-center)/sc/job-cards/page.tsx(1033,13): error TS17004: Cannot use JSX unless the '--jsx' flag is provided.
src/app/(service-center)/sc/job-cards/page.tsx(1034,13): error TS17004: Cannot use JSX unless the '--jsx' flag is provided.
src/app/(service-center)/sc/job-cards/page.tsx(1038,11): error TS17004: Cannot use JSX unless the '--jsx' flag is provided.
src/app/(service-center)/sc/job-cards/page.tsx(1039,13): error TS17004: Cannot use JSX unless the '--jsx' flag is provided.
src/app/(service-center)/sc/job-cards/page.tsx(1040,15): error TS17004: Cannot use JSX unless the '--jsx' flag is provided.
src/app/(service-center)/sc/job-cards/page.tsx(1049,15): error TS17004: Cannot use JSX unless the '--jsx' flag is provided.
src/app/(service-center)/sc/job-cards/page.tsx(1061,15): error TS17004: Cannot use JSX unless the '--jsx' flag is provided.
src/app/(service-center)/sc/job-cards/page.tsx(1065,17): error TS17004: Cannot use JSX unless the '--jsx' flag is provided.
src/app/(service-center)/sc/job-cards/page.tsx(1066,17): error TS17004: Cannot use JSX unless the '--jsx' flag is provided.
src/app/(service-center)/sc/job-cards/page.tsx(1072,9): error TS17004: Cannot use JSX unless the '--jsx' flag is provided.
src/app/(service-center)/sc/job-cards/page.tsx(1073,11): error TS17004: Cannot use JSX unless the '--jsx' flag is provided.
src/app/(service-center)/sc/job-cards/page.tsx(1086,9): error TS17004: Cannot use JSX unless the '--jsx' flag is provided.
src/app/(service-center)/sc/job-cards/page.tsx(1087,11): error TS17004: Cannot use JSX unless the '--jsx' flag is provided.
src/app/(service-center)/sc/job-cards/page.tsx(1088,13): error TS17004: Cannot use JSX unless the '--jsx' flag is provided.
src/app/(service-center)/sc/job-cards/page.tsx(1089,15): error TS17004: Cannot use JSX unless the '--jsx' flag is provided.
src/app/(service-center)/sc/job-cards/page.tsx(1090,15): error TS17004: Cannot use JSX unless the '--jsx' flag is provided.
src/app/(service-center)/sc/job-cards/page.tsx(1100,13): error TS17004: Cannot use JSX unless the '--jsx' flag is provided.
src/app/(service-center)/sc/job-cards/page.tsx(1104,15): error TS17004: Cannot use JSX unless the '--jsx' flag is provided.
src/app/(service-center)/sc/job-cards/page.tsx(1109,13): error TS17004: Cannot use JSX unless the '--jsx' flag is provided.
src/app/(service-center)/sc/job-cards/page.tsx(1111,17): error TS17004: Cannot use JSX unless the '--jsx' flag is provided.
src/app/(service-center)/sc/job-cards/page.tsx(1127,13): error TS17004: Cannot use JSX unless the '--jsx' flag is provided.
src/app/(service-center)/sc/job-cards/page.tsx(1129,17): error TS17004: Cannot use JSX unless the '--jsx' flag is provided.
src/app/(service-center)/sc/job-cards/page.tsx(1149,11): error TS17004: Cannot use JSX unless the '--jsx' flag is provided.
src/app/(service-center)/sc/job-cards/page.tsx(1150,13): error TS17004: Cannot use JSX unless the '--jsx' flag is provided.
src/app/(service-center)/sc/job-cards/page.tsx(1151,15): error TS17004: Cannot use JSX unless the '--jsx' flag is provided.
src/app/(service-center)/sc/job-cards/page.tsx(1152,17): error TS17004: Cannot use JSX unless the '--jsx' flag is provided.
src/app/(service-center)/sc/job-cards/page.tsx(1153,17): error TS17004: Cannot use JSX unless the '--jsx' flag is provided.
src/app/(service-center)/sc/job-cards/page.tsx(1157,15): error TS17004: Cannot use JSX unless the '--jsx' flag is provided.
src/app/(service-center)/sc/job-cards/page.tsx(1170,11): error TS17004: Cannot use JSX unless the '--jsx' flag is provided.
src/app/(service-center)/sc/job-cards/page.tsx(1171,13): error TS17004: Cannot use JSX unless the '--jsx' flag is provided.
src/app/(service-center)/sc/job-cards/page.tsx(1172,15): error TS17004: Cannot use JSX unless the '--jsx' flag is provided.
src/app/(service-center)/sc/job-cards/page.tsx(1173,17): error TS17004: Cannot use JSX unless the '--jsx' flag is provided.
src/app/(service-center)/sc/job-cards/page.tsx(1174,19): error TS17004: Cannot use JSX unless the '--jsx' flag is provided.
src/app/(service-center)/sc/job-cards/page.tsx(1175,19): error TS17004: Cannot use JSX unless the '--jsx' flag is provided.
src/app/(service-center)/sc/job-cards/page.tsx(1179,17): error TS17004: Cannot use JSX unless the '--jsx' flag is provided.
src/app/(service-center)/sc/job-cards/page.tsx(1180,19): error TS17004: Cannot use JSX unless the '--jsx' flag is provided.
src/app/(service-center)/sc/job-cards/page.tsx(1181,21): error TS17004: Cannot use JSX unless the '--jsx' flag is provided.
src/app/(service-center)/sc/job-cards/page.tsx(1183,32): error TS2304: Cannot find name 'technicianApproved'.
src/app/(service-center)/sc/job-cards/page.tsx(1184,40): error TS2304: Cannot find name 'setTechnicianApproved'.
src/app/(service-center)/sc/job-cards/page.tsx(1189,19): error TS17004: Cannot use JSX unless the '--jsx' flag is provided.
src/app/(service-center)/sc/job-cards/page.tsx(1190,21): error TS17004: Cannot use JSX unless the '--jsx' flag is provided.
src/app/(service-center)/sc/job-cards/page.tsx(1192,32): error TS2304: Cannot find name 'partsApproved'.
src/app/(service-center)/sc/job-cards/page.tsx(1193,40): error TS2304: Cannot find name 'setPartsApproved'.
src/app/(service-center)/sc/job-cards/page.tsx(1199,17): error TS17004: Cannot use JSX unless the '--jsx' flag is provided.
src/app/(service-center)/sc/job-cards/page.tsx(1202,87): error TS2304: Cannot find name 'technicianApproved'.
src/app/(service-center)/sc/job-cards/page.tsx(1202,109): error TS2304: Cannot find name 'partsApproved'.
src/app/(service-center)/sc/job-cards/page.tsx(1206,31): error TS2304: Cannot find name 'technicianApproved'.
src/app/(service-center)/sc/job-cards/page.tsx(1206,53): error TS2304: Cannot find name 'partsApproved'.
src/app/(service-center)/sc/job-cards/page.tsx(1215,15): error TS17004: Cannot use JSX unless the '--jsx' flag is provided.
src/app/(service-center)/sc/job-cards/page.tsx(1216,17): error TS17004: Cannot use JSX unless the '--jsx' flag is provided.
src/app/(service-center)/sc/job-cards/page.tsx(1217,19): error TS17004: Cannot use JSX unless the '--jsx' flag is provided.
src/app/(service-center)/sc/job-cards/page.tsx(1218,21): error TS17004: Cannot use JSX unless the '--jsx' flag is provided.
src/app/(service-center)/sc/job-cards/page.tsx(1219,21): error TS17004: Cannot use JSX unless the '--jsx' flag is provided.
src/app/(service-center)/sc/job-cards/page.tsx(1223,19): error TS17004: Cannot use JSX unless the '--jsx' flag is provided.
src/app/(service-center)/sc/job-cards/page.tsx(1235,13): error TS17004: Cannot use JSX unless the '--jsx' flag is provided.
src/app/(service-center)/sc/job-cards/page.tsx(1236,15): error TS17004: Cannot use JSX unless the '--jsx' flag is provided.
src/app/(service-center)/sc/job-cards/page.tsx(1237,17): error TS17004: Cannot use JSX unless the '--jsx' flag is provided.
src/app/(service-center)/sc/job-cards/page.tsx(1238,17): error TS17004: Cannot use JSX unless the '--jsx' flag is provided.
src/app/(service-center)/sc/job-cards/page.tsx(1239,19): error TS17004: Cannot use JSX unless the '--jsx' flag is provided.
src/app/(service-center)/sc/job-cards/page.tsx(1240,21): error TS17004: Cannot use JSX unless the '--jsx' flag is provided.
src/app/(service-center)/sc/job-cards/page.tsx(1241,21): error TS17004: Cannot use JSX unless the '--jsx' flag is provided.
src/app/(service-center)/sc/job-cards/page.tsx(1245,19): error TS17004: Cannot use JSX unless the '--jsx' flag is provided.
src/app/(service-center)/sc/job-cards/page.tsx(1246,21): error TS17004: Cannot use JSX unless the '--jsx' flag is provided.
src/app/(service-center)/sc/job-cards/page.tsx(1247,21): error TS17004: Cannot use JSX unless the '--jsx' flag is provided.
src/app/(service-center)/sc/job-cards/page.tsx(1251,19): error TS17004: Cannot use JSX unless the '--jsx' flag is provided.
src/app/(service-center)/sc/job-cards/page.tsx(1252,21): error TS17004: Cannot use JSX unless the '--jsx' flag is provided.
src/app/(service-center)/sc/job-cards/page.tsx(1253,21): error TS17004: Cannot use JSX unless the '--jsx' flag is provided.
src/app/(service-center)/sc/job-cards/page.tsx(1265,11): error TS17004: Cannot use JSX unless the '--jsx' flag is provided.
src/app/(service-center)/sc/job-cards/page.tsx(1266,13): error TS17004: Cannot use JSX unless the '--jsx' flag is provided.
src/app/(service-center)/sc/job-cards/page.tsx(1267,15): error TS17004: Cannot use JSX unless the '--jsx' flag is provided.
src/app/(service-center)/sc/job-cards/page.tsx(1268,17): error TS17004: Cannot use JSX unless the '--jsx' flag is provided.
src/app/(service-center)/sc/job-cards/page.tsx(1269,17): error TS17004: Cannot use JSX unless the '--jsx' flag is provided.
src/app/(service-center)/sc/job-cards/page.tsx(1273,15): error TS17004: Cannot use JSX unless the '--jsx' flag is provided.
src/app/(service-center)/sc/job-cards/page.tsx(1286,11): error TS17004: Cannot use JSX unless the '--jsx' flag is provided.
src/app/(service-center)/sc/job-cards/page.tsx(1287,13): error TS17004: Cannot use JSX unless the '--jsx' flag is provided.
src/app/(service-center)/sc/job-cards/page.tsx(1288,15): error TS17004: Cannot use JSX unless the '--jsx' flag is provided.
src/app/(service-center)/sc/job-cards/page.tsx(1289,17): error TS17004: Cannot use JSX unless the '--jsx' flag is provided.
src/app/(service-center)/sc/job-cards/page.tsx(1290,17): error TS17004: Cannot use JSX unless the '--jsx' flag is provided.
src/app/(service-center)/sc/job-cards/page.tsx(1300,11): error TS17004: Cannot use JSX unless the '--jsx' flag is provided.
src/app/(service-center)/sc/job-cards/page.tsx(1301,13): error TS17004: Cannot use JSX unless the '--jsx' flag is provided.
src/app/(service-center)/sc/job-cards/page.tsx(1302,15): error TS17004: Cannot use JSX unless the '--jsx' flag is provided.
src/app/(service-center)/sc/job-cards/page.tsx(1315,21): error TS17004: Cannot use JSX unless the '--jsx' flag is provided.
src/app/(service-center)/sc/job-cards/page.tsx(1320,23): error TS17004: Cannot use JSX unless the '--jsx' flag is provided.
src/app/(service-center)/sc/job-cards/page.tsx(1321,25): error TS17004: Cannot use JSX unless the '--jsx' flag is provided.
src/app/(service-center)/sc/job-cards/page.tsx(1322,27): error TS17004: Cannot use JSX unless the '--jsx' flag is provided.
src/app/(service-center)/sc/job-cards/page.tsx(1323,29): error TS17004: Cannot use JSX unless the '--jsx' flag is provided.
src/app/(service-center)/sc/job-cards/page.tsx(1327,27): error TS17004: Cannot use JSX unless the '--jsx' flag is provided.
src/app/(service-center)/sc/job-cards/page.tsx(1334,23): error TS17004: Cannot use JSX unless the '--jsx' flag is provided.
src/app/(service-center)/sc/job-cards/page.tsx(1336,27): error TS17004: Cannot use JSX unless the '--jsx' flag is provided.
src/app/(service-center)/sc/job-cards/page.tsx(1344,29): error TS17004: Cannot use JSX unless the '--jsx' flag is provided.
src/app/(service-center)/sc/job-cards/page.tsx(1345,31): error TS17004: Cannot use JSX unless the '--jsx' flag is provided.
src/app/(service-center)/sc/job-cards/page.tsx(1346,33): error TS17004: Cannot use JSX unless the '--jsx' flag is provided.
src/app/(service-center)/sc/job-cards/page.tsx(1349,33): error TS17004: Cannot use JSX unless the '--jsx' flag is provided.
src/app/(service-center)/sc/job-cards/page.tsx(1353,31): error TS17004: Cannot use JSX unless the '--jsx' flag is provided.
src/app/(service-center)/sc/job-cards/page.tsx(1362,29): error TS17004: Cannot use JSX unless the '--jsx' flag is provided.
src/app/(service-center)/sc/job-cards/page.tsx(1363,31): error TS17004: Cannot use JSX unless the '--jsx' flag is provided.
src/app/(service-center)/sc/job-cards/page.tsx(1364,31): error TS17004: Cannot use JSX unless the '--jsx' flag is provided.
src/app/(service-center)/sc/job-cards/page.tsx(1368,29): error TS17004: Cannot use JSX unless the '--jsx' flag is provided.
src/app/(service-center)/sc/job-cards/page.tsx(1373,29): error TS17004: Cannot use JSX unless the '--jsx' flag is provided.
src/app/(service-center)/sc/job-cards/page.tsx(1374,31): error TS17004: Cannot use JSX unless the '--jsx' flag is provided.
src/app/(service-center)/sc/job-cards/page.tsx(1375,33): error TS17004: Cannot use JSX unless the '--jsx' flag is provided.
src/app/(service-center)/sc/job-cards/page.tsx(1381,29): error TS17004: Cannot use JSX unless the '--jsx' flag is provided.
src/app/(service-center)/sc/job-cards/page.tsx(1382,31): error TS17004: Cannot use JSX unless the '--jsx' flag is provided.
src/app/(service-center)/sc/job-cards/page.tsx(1383,33): error TS17004: Cannot use JSX unless the '--jsx' flag is provided.
src/app/(service-center)/sc/job-cards/page.tsx(1384,33): error TS17004: Cannot use JSX unless the '--jsx' flag is provided.
src/app/(service-center)/sc/job-cards/page.tsx(1386,31): error TS17004: Cannot use JSX unless the '--jsx' flag is provided.
src/app/(service-center)/sc/job-cards/page.tsx(1393,31): error TS17004: Cannot use JSX unless the '--jsx' flag is provided.
src/app/(service-center)/sc/job-cards/page.tsx(1394,33): error TS17004: Cannot use JSX unless the '--jsx' flag is provided.
src/app/(service-center)/sc/job-cards/page.tsx(1395,35): error TS17004: Cannot use JSX unless the '--jsx' flag is provided.
src/app/(service-center)/sc/job-cards/page.tsx(1396,35): error TS17004: Cannot use JSX unless the '--jsx' flag is provided.
src/app/(service-center)/sc/job-cards/page.tsx(1405,27): error TS17004: Cannot use JSX unless the '--jsx' flag is provided.
src/app/(service-center)/sc/job-cards/page.tsx(1406,29): error TS17004: Cannot use JSX unless the '--jsx' flag is provided.
src/app/(service-center)/sc/job-cards/page.tsx(1407,31): error TS17004: Cannot use JSX unless the '--jsx' flag is provided.
src/app/(service-center)/sc/job-cards/page.tsx(1408,33): error TS17004: Cannot use JSX unless the '--jsx' flag is provided.
src/app/(service-center)/sc/job-cards/page.tsx(1410,31): error TS17004: Cannot use JSX unless the '--jsx' flag is provided.
src/app/(service-center)/sc/job-cards/page.tsx(1411,31): error TS17004: Cannot use JSX unless the '--jsx' flag is provided.
src/app/(service-center)/sc/job-cards/page.tsx(1426,11): error TS17004: Cannot use JSX unless the '--jsx' flag is provided.
src/app/(service-center)/sc/job-cards/page.tsx(1428,15): error TS17004: Cannot use JSX unless the '--jsx' flag is provided.
src/app/(service-center)/sc/job-cards/page.tsx(1432,17): error TS17004: Cannot use JSX unless the '--jsx' flag is provided.
src/app/(service-center)/sc/job-cards/page.tsx(1433,19): error TS17004: Cannot use JSX unless the '--jsx' flag is provided.
src/app/(service-center)/sc/job-cards/page.tsx(1434,21): error TS17004: Cannot use JSX unless the '--jsx' flag is provided.
src/app/(service-center)/sc/job-cards/page.tsx(1435,23): error TS17004: Cannot use JSX unless the '--jsx' flag is provided.
src/app/(service-center)/sc/job-cards/page.tsx(1438,23): error TS17004: Cannot use JSX unless the '--jsx' flag is provided.
src/app/(service-center)/sc/job-cards/page.tsx(1445,23): error TS17004: Cannot use JSX unless the '--jsx' flag is provided.
src/app/(service-center)/sc/job-cards/page.tsx(1453,21): error TS17004: Cannot use JSX unless the '--jsx' flag is provided.
src/app/(service-center)/sc/job-cards/page.tsx(1454,23): error TS17004: Cannot use JSX unless the '--jsx' flag is provided.
src/app/(service-center)/sc/job-cards/page.tsx(1455,25): error TS17004: Cannot use JSX unless the '--jsx' flag is provided.
src/app/(service-center)/sc/job-cards/page.tsx(1456,25): error TS17004: Cannot use JSX unless the '--jsx' flag is provided.
src/app/(service-center)/sc/job-cards/page.tsx(1458,23): error TS17004: Cannot use JSX unless the '--jsx' flag is provided.
src/app/(service-center)/sc/job-cards/page.tsx(1459,25): error TS17004: Cannot use JSX unless the '--jsx' flag is provided.
src/app/(service-center)/sc/job-cards/page.tsx(1460,25): error TS17004: Cannot use JSX unless the '--jsx' flag is provided.
src/app/(service-center)/sc/job-cards/page.tsx(1461,25): error TS17004: Cannot use JSX unless the '--jsx' flag is provided.
src/app/(service-center)/sc/job-cards/page.tsx(1463,23): error TS17004: Cannot use JSX unless the '--jsx' flag is provided.
src/app/(service-center)/sc/job-cards/page.tsx(1464,25): error TS17004: Cannot use JSX unless the '--jsx' flag is provided.
src/app/(service-center)/sc/job-cards/page.tsx(1465,25): error TS17004: Cannot use JSX unless the '--jsx' flag is provided.
src/app/(service-center)/sc/job-cards/page.tsx(1467,23): error TS17004: Cannot use JSX unless the '--jsx' flag is provided.
src/app/(service-center)/sc/job-cards/page.tsx(1468,25): error TS17004: Cannot use JSX unless the '--jsx' flag is provided.
src/app/(service-center)/sc/job-cards/page.tsx(1469,25): error TS17004: Cannot use JSX unless the '--jsx' flag is provided.
src/app/(service-center)/sc/job-cards/page.tsx(1473,21): error TS17004: Cannot use JSX unless the '--jsx' flag is provided.
src/app/(service-center)/sc/job-cards/page.tsx(1475,21): error TS17004: Cannot use JSX unless the '--jsx' flag is provided.
src/app/(service-center)/sc/job-cards/page.tsx(1477,25): error TS17004: Cannot use JSX unless the '--jsx' flag is provided.
src/app/(service-center)/sc/job-cards/page.tsx(1478,37): error TS17004: Cannot use JSX unless the '--jsx' flag is provided.
src/app/(service-center)/sc/job-cards/page.tsx(1481,23): error TS17004: Cannot use JSX unless the '--jsx' flag is provided.
src/app/(service-center)/sc/job-cards/page.tsx(1482,36): error TS17004: Cannot use JSX unless the '--jsx' flag is provided.
src/app/(service-center)/sc/job-cards/page.tsx(1484,23): error TS17004: Cannot use JSX unless the '--jsx' flag is provided.
src/app/(service-center)/sc/job-cards/page.tsx(1485,31): error TS17004: Cannot use JSX unless the '--jsx' flag is provided.
src/app/(service-center)/sc/job-cards/page.tsx(1490,19): error TS17004: Cannot use JSX unless the '--jsx' flag is provided.
src/app/(service-center)/sc/job-cards/page.tsx(1491,21): error TS17004: Cannot use JSX unless the '--jsx' flag is provided.
src/app/(service-center)/sc/job-cards/page.tsx(1492,23): error TS17004: Cannot use JSX unless the '--jsx' flag is provided.
src/app/(service-center)/sc/job-cards/page.tsx(1498,25): error TS17004: Cannot use JSX unless the '--jsx' flag is provided.
src/app/(service-center)/sc/job-cards/page.tsx(1510,27): error TS17004: Cannot use JSX unless the '--jsx' flag is provided.
src/app/(service-center)/sc/job-cards/page.tsx(1527,29): error TS17004: Cannot use JSX unless the '--jsx' flag is provided.
src/app/(service-center)/sc/job-cards/page.tsx(1533,25): error TS17004: Cannot use JSX unless the '--jsx' flag is provided.
src/app/(service-center)/sc/job-cards/page.tsx(1537,27): error TS17004: Cannot use JSX unless the '--jsx' flag is provided.
src/app/(service-center)/sc/job-cards/page.tsx(1543,25): error TS17004: Cannot use JSX unless the '--jsx' flag is provided.
src/app/(service-center)/sc/job-cards/page.tsx(1549,27): error TS17004: Cannot use JSX unless the '--jsx' flag is provided.
src/app/(service-center)/sc/job-cards/page.tsx(1556,23): error TS17004: Cannot use JSX unless the '--jsx' flag is provided.
src/app/(service-center)/sc/job-cards/page.tsx(1568,23): error TS17004: Cannot use JSX unless the '--jsx' flag is provided.
src/app/(service-center)/sc/job-cards/page.tsx(1581,23): error TS17004: Cannot use JSX unless the '--jsx' flag is provided.
src/app/(service-center)/sc/job-cards/page.tsx(1600,11): error TS17004: Cannot use JSX unless the '--jsx' flag is provided.
src/app/(service-center)/sc/job-cards/page.tsx(1601,13): error TS17004: Cannot use JSX unless the '--jsx' flag is provided.
src/app/(service-center)/sc/job-cards/page.tsx(1602,13): error TS17004: Cannot use JSX unless the '--jsx' flag is provided.
src/app/(service-center)/sc/job-cards/page.tsx(1603,13): error TS17004: Cannot use JSX unless the '--jsx' flag is provided.
src/app/(service-center)/sc/job-cards/page.tsx(1610,9): error TS17004: Cannot use JSX unless the '--jsx' flag is provided.
src/app/(service-center)/sc/job-cards/page.tsx(1611,11): error TS17004: Cannot use JSX unless the '--jsx' flag is provided.
src/app/(service-center)/sc/job-cards/page.tsx(1612,13): error TS17004: Cannot use JSX unless the '--jsx' flag is provided.
src/app/(service-center)/sc/job-cards/page.tsx(1613,15): error TS17004: Cannot use JSX unless the '--jsx' flag is provided.
src/app/(service-center)/sc/job-cards/page.tsx(1614,15): error TS17004: Cannot use JSX unless the '--jsx' flag is provided.
src/app/(service-center)/sc/job-cards/page.tsx(1618,17): error TS17004: Cannot use JSX unless the '--jsx' flag is provided.
src/app/(service-center)/sc/job-cards/page.tsx(1622,13): error TS17004: Cannot use JSX unless the '--jsx' flag is provided.
src/app/(service-center)/sc/job-cards/page.tsx(1624,15): error TS17004: Cannot use JSX unless the '--jsx' flag is provided.
src/app/(service-center)/sc/job-cards/page.tsx(1625,17): error TS17004: Cannot use JSX unless the '--jsx' flag is provided.
src/app/(service-center)/sc/job-cards/page.tsx(1628,17): error TS17004: Cannot use JSX unless the '--jsx' flag is provided.
src/app/(service-center)/sc/job-cards/page.tsx(1635,17): error TS17004: Cannot use JSX unless the '--jsx' flag is provided.
src/app/(service-center)/sc/job-cards/page.tsx(1645,15): error TS17004: Cannot use JSX unless the '--jsx' flag is provided.
src/app/(service-center)/sc/job-cards/page.tsx(1646,17): error TS17004: Cannot use JSX unless the '--jsx' flag is provided.
src/app/(service-center)/sc/job-cards/page.tsx(1647,19): error TS17004: Cannot use JSX unless the '--jsx' flag is provided.
src/app/(service-center)/sc/job-cards/page.tsx(1648,19): error TS17004: Cannot use JSX unless the '--jsx' flag is provided.
src/app/(service-center)/sc/job-cards/page.tsx(1650,17): error TS17004: Cannot use JSX unless the '--jsx' flag is provided.
src/app/(service-center)/sc/job-cards/page.tsx(1651,19): error TS17004: Cannot use JSX unless the '--jsx' flag is provided.
src/app/(service-center)/sc/job-cards/page.tsx(1652,19): error TS17004: Cannot use JSX unless the '--jsx' flag is provided.
src/app/(service-center)/sc/job-cards/page.tsx(1653,19): error TS17004: Cannot use JSX unless the '--jsx' flag is provided.
src/app/(service-center)/sc/job-cards/page.tsx(1658,15): error TS17004: Cannot use JSX unless the '--jsx' flag is provided.
src/app/(service-center)/sc/job-cards/page.tsx(1659,17): error TS17004: Cannot use JSX unless the '--jsx' flag is provided.
src/app/(service-center)/sc/job-cards/page.tsx(1660,17): error TS17004: Cannot use JSX unless the '--jsx' flag is provided.
src/app/(service-center)/sc/job-cards/page.tsx(1661,19): error TS17004: Cannot use JSX unless the '--jsx' flag is provided.
src/app/(service-center)/sc/job-cards/page.tsx(1662,21): error TS17004: Cannot use JSX unless the '--jsx' flag is provided.
src/app/(service-center)/sc/job-cards/page.tsx(1664,19): error TS17004: Cannot use JSX unless the '--jsx' flag is provided.
src/app/(service-center)/sc/job-cards/page.tsx(1665,21): error TS17004: Cannot use JSX unless the '--jsx' flag is provided.
src/app/(service-center)/sc/job-cards/page.tsx(1667,19): error TS17004: Cannot use JSX unless the '--jsx' flag is provided.
src/app/(service-center)/sc/job-cards/page.tsx(1668,21): error TS17004: Cannot use JSX unless the '--jsx' flag is provided.
src/app/(service-center)/sc/job-cards/page.tsx(1674,15): error TS17004: Cannot use JSX unless the '--jsx' flag is provided.
src/app/(service-center)/sc/job-cards/page.tsx(1675,17): error TS17004: Cannot use JSX unless the '--jsx' flag is provided.
src/app/(service-center)/sc/job-cards/page.tsx(1676,19): error TS17004: Cannot use JSX unless the '--jsx' flag is provided.
src/app/(service-center)/sc/job-cards/page.tsx(1677,19): error TS17004: Cannot use JSX unless the '--jsx' flag is provided.
src/app/(service-center)/sc/job-cards/page.tsx(1679,23): error TS17004: Cannot use JSX unless the '--jsx' flag is provided.
src/app/(service-center)/sc/job-cards/page.tsx(1681,27): error TS17004: Cannot use JSX unless the '--jsx' flag is provided.
src/app/(service-center)/sc/job-cards/page.tsx(1682,29): error TS17004: Cannot use JSX unless the '--jsx' flag is provided.
src/app/(service-center)/sc/job-cards/page.tsx(1688,23): error TS17004: Cannot use JSX unless the '--jsx' flag is provided.
src/app/(service-center)/sc/job-cards/page.tsx(1692,17): error TS17004: Cannot use JSX unless the '--jsx' flag is provided.
src/app/(service-center)/sc/job-cards/page.tsx(1693,19): error TS17004: Cannot use JSX unless the '--jsx' flag is provided.
src/app/(service-center)/sc/job-cards/page.tsx(1694,19): error TS17004: Cannot use JSX unless the '--jsx' flag is provided.
src/app/(service-center)/sc/job-cards/page.tsx(1695,21): error TS17004: Cannot use JSX unless the '--jsx' flag is provided.
src/app/(service-center)/sc/job-cards/page.tsx(1696,23): error TS17004: Cannot use JSX unless the '--jsx' flag is provided.
src/app/(service-center)/sc/job-cards/page.tsx(1698,21): error TS17004: Cannot use JSX unless the '--jsx' flag is provided.
src/app/(service-center)/sc/job-cards/page.tsx(1699,23): error TS17004: Cannot use JSX unless the '--jsx' flag is provided.
src/app/(service-center)/sc/job-cards/page.tsx(1707,17): error TS17004: Cannot use JSX unless the '--jsx' flag is provided.
src/app/(service-center)/sc/job-cards/page.tsx(1708,19): error TS17004: Cannot use JSX unless the '--jsx' flag is provided.
src/app/(service-center)/sc/job-cards/page.tsx(1709,19): error TS17004: Cannot use JSX unless the '--jsx' flag is provided.
src/app/(service-center)/sc/job-cards/page.tsx(1710,21): error TS17004: Cannot use JSX unless the '--jsx' flag is provided.
src/app/(service-center)/sc/job-cards/page.tsx(1711,23): error TS17004: Cannot use JSX unless the '--jsx' flag is provided.
src/app/(service-center)/sc/job-cards/page.tsx(1719,15): error TS17004: Cannot use JSX unless the '--jsx' flag is provided.
src/app/(service-center)/sc/job-cards/page.tsx(1720,17): error TS17004: Cannot use JSX unless the '--jsx' flag is provided.
src/app/(service-center)/sc/job-cards/page.tsx(1727,19): error TS17004: Cannot use JSX unless the '--jsx' flag is provided.
src/app/(service-center)/sc/job-cards/page.tsx(1739,19): error TS17004: Cannot use JSX unless the '--jsx' flag is provided.
src/app/(service-center)/sc/job-cards/page.tsx(1752,19): error TS17004: Cannot use JSX unless the '--jsx' flag is provided.
src/app/(service-center)/sc/job-cards/page.tsx(1763,7): error TS17004: Cannot use JSX unless the '--jsx' flag is provided.
src/app/(service-center)/sc/job-cards/page.tsx(1772,9): error TS17004: Cannot use JSX unless the '--jsx' flag is provided.
src/app/(service-center)/sc/job-cards/page.tsx(1773,11): error TS17004: Cannot use JSX unless the '--jsx' flag is provided.
src/app/(service-center)/sc/job-cards/page.tsx(1774,13): error TS17004: Cannot use JSX unless the '--jsx' flag is provided.
src/app/(service-center)/sc/job-cards/page.tsx(1775,15): error TS17004: Cannot use JSX unless the '--jsx' flag is provided.
src/app/(service-center)/sc/job-cards/page.tsx(1776,15): error TS17004: Cannot use JSX unless the '--jsx' flag is provided.
src/app/(service-center)/sc/job-cards/page.tsx(1784,17): error TS17004: Cannot use JSX unless the '--jsx' flag is provided.
src/app/(service-center)/sc/job-cards/page.tsx(1788,13): error TS17004: Cannot use JSX unless the '--jsx' flag is provided.
src/app/(service-center)/sc/job-cards/page.tsx(1789,15): error TS17004: Cannot use JSX unless the '--jsx' flag is provided.
src/app/(service-center)/sc/job-cards/page.tsx(1790,17): error TS17004: Cannot use JSX unless the '--jsx' flag is provided.
src/app/(service-center)/sc/job-cards/page.tsx(1791,35): error TS17004: Cannot use JSX unless the '--jsx' flag is provided.
src/app/(service-center)/sc/job-cards/page.tsx(1793,17): error TS17004: Cannot use JSX unless the '--jsx' flag is provided.
src/app/(service-center)/sc/job-cards/page.tsx(1795,21): error TS17004: Cannot use JSX unless the '--jsx' flag is provided.
src/app/(service-center)/sc/job-cards/page.tsx(1802,23): error TS17004: Cannot use JSX unless the '--jsx' flag is provided.
src/app/(service-center)/sc/job-cards/page.tsx(1810,23): error TS17004: Cannot use JSX unless the '--jsx' flag is provided.
src/app/(service-center)/sc/job-cards/page.tsx(1811,25): error TS17004: Cannot use JSX unless the '--jsx' flag is provided.
src/app/(service-center)/sc/job-cards/page.tsx(1812,27): error TS17004: Cannot use JSX unless the '--jsx' flag is provided.
src/app/(service-center)/sc/job-cards/page.tsx(1813,27): error TS17004: Cannot use JSX unless the '--jsx' flag is provided.
src/app/(service-center)/sc/job-cards/page.tsx(1824,25): error TS17004: Cannot use JSX unless the '--jsx' flag is provided.
src/app/(service-center)/sc/job-cards/page.tsx(1834,13): error TS17004: Cannot use JSX unless the '--jsx' flag is provided.
src/app/(service-center)/sc/job-cards/page.tsx(1835,15): error TS17004: Cannot use JSX unless the '--jsx' flag is provided.
src/app/(service-center)/sc/job-cards/page.tsx(1845,15): error TS17004: Cannot use JSX unless the '--jsx' flag is provided.
src/app/(service-center)/sc/job-cards/page.tsx(1851,19): error TS17004: Cannot use JSX unless the '--jsx' flag is provided.
src/app/(service-center)/sc/job-cards/page.tsx(1852,21): error TS17004: Cannot use JSX unless the '--jsx' flag is provided.
src/app/(service-center)/sc/job-cards/page.tsx(1856,19): error TS17004: Cannot use JSX unless the '--jsx' flag is provided.
src/app/(service-center)/sc/job-cards/page.tsx(1857,21): error TS17004: Cannot use JSX unless the '--jsx' flag is provided.
src/app/(service-center)/sc/job-cards/page.tsx(1869,9): error TS17004: Cannot use JSX unless the '--jsx' flag is provided.
src/app/(service-center)/sc/job-cards/page.tsx(1870,11): error TS17004: Cannot use JSX unless the '--jsx' flag is provided.
src/app/(service-center)/sc/job-cards/page.tsx(1871,13): error TS17004: Cannot use JSX unless the '--jsx' flag is provided.
src/app/(service-center)/sc/job-cards/page.tsx(1872,15): error TS17004: Cannot use JSX unless the '--jsx' flag is provided.
src/app/(service-center)/sc/job-cards/page.tsx(1873,15): error TS17004: Cannot use JSX unless the '--jsx' flag is provided.
src/app/(service-center)/sc/job-cards/page.tsx(1880,17): error TS17004: Cannot use JSX unless the '--jsx' flag is provided.
src/app/(service-center)/sc/job-cards/page.tsx(1884,13): error TS17004: Cannot use JSX unless the '--jsx' flag is provided.
src/app/(service-center)/sc/job-cards/page.tsx(1885,15): error TS17004: Cannot use JSX unless the '--jsx' flag is provided.
src/app/(service-center)/sc/job-cards/page.tsx(1886,17): error TS17004: Cannot use JSX unless the '--jsx' flag is provided.
src/app/(service-center)/sc/job-cards/page.tsx(1887,30): error TS17004: Cannot use JSX unless the '--jsx' flag is provided.
src/app/(service-center)/sc/job-cards/page.tsx(1890,19): error TS17004: Cannot use JSX unless the '--jsx' flag is provided.
src/app/(service-center)/sc/job-cards/page.tsx(1898,23): error TS17004: Cannot use JSX unless the '--jsx' flag is provided.
src/app/(service-center)/sc/job-cards/page.tsx(1907,13): error TS17004: Cannot use JSX unless the '--jsx' flag is provided.
src/app/(service-center)/sc/job-cards/page.tsx(1908,15): error TS17004: Cannot use JSX unless the '--jsx' flag is provided.
src/app/(service-center)/sc/job-cards/page.tsx(1917,15): error TS17004: Cannot use JSX unless the '--jsx' flag is provided.
src/app/(service-center)/sc/job-cards/page.tsx(1923,19): error TS17004: Cannot use JSX unless the '--jsx' flag is provided.
src/app/(service-center)/sc/job-cards/page.tsx(1924,21): error TS17004: Cannot use JSX unless the '--jsx' flag is provided.
src/app/(service-center)/sc/job-cards/page.tsx(1928,19): error TS17004: Cannot use JSX unless the '--jsx' flag is provided.
src/app/(service-center)/sc/job-cards/page.tsx(1929,21): error TS17004: Cannot use JSX unless the '--jsx' flag is provided.
